maybe
maybe
maybe
maybe
maybe
maybe
maybe
maybe
maybe
maybe
maybe
maybe
maybe
maybe
maybe
maybe
maybe
maybe
maybe
false
maybe
maybe
false
maybe
maybe
maybe
maybe
maybe
maybe
maybe
maybe
maybe
maybe
maybe
maybe
maybe
maybe
maybe
maybe
maybe
maybe
maybe
maybe
maybe
maybe
maybe
maybe
maybe
maybe
maybe
maybe
maybe
false
maybe
maybe
maybe
maybe
maybe
maybe
maybe
maybe
maybe
maybe
maybe
maybe
maybe
maybe
false
maybe
maybe
maybe
maybe
maybe
maybe
maybe
maybe
maybe
maybe
maybe
false
maybe
maybe
maybe
maybe
maybe
maybe
maybe
maybe
false
maybe
false
maybe
maybe
maybe
maybe
maybe
maybe
maybe
maybe
maybe
false
maybe
maybe
maybe
maybe
maybe
maybe
maybe
maybe
maybe
maybe
false
maybe
false
maybe
maybe
maybe
maybe
false
maybe
maybe
maybe
maybe
maybe
maybe
maybe
maybe
maybe
maybe
maybe
false
maybe
maybe
maybe
maybe
maybe
maybe
maybe
maybe
maybe
maybe
maybe
maybe
maybe
maybe
maybe
maybe
maybe
maybe
maybe
maybe
maybe
maybe
maybe
maybe
maybe
maybe
maybe
maybe
maybe
maybe
maybe
maybe
maybe
maybe
maybe
maybe
maybe
false
maybe
maybe
maybe
maybe
maybe
maybe
maybe
maybe
maybe
maybe
maybe
maybe
maybe
maybe
maybe
maybe
maybe
maybe
false
false
maybe
maybe
maybe
maybe
maybe
maybe
maybe
maybe
maybe
maybe
maybe
maybe
maybe
maybe
maybe
maybe
maybe
maybe
false
maybe
maybe
maybe
maybe
maybe
maybe
maybe
maybe
maybe
maybe
maybe
maybe
maybe
false
maybe
false
false
maybe
maybe
maybe
maybe
maybe
maybe
maybe
maybe
maybe
maybe
maybe
maybe
maybe
maybe
maybe
false
maybe
maybe
maybe
maybe
maybe
maybe
maybe
maybe
maybe
maybe
maybe
maybe
maybe
maybe
maybe
maybe
maybe
maybe
maybe
maybe
false
maybe
maybe
maybe
maybe
maybe
maybe
maybe
false
maybe
maybe
maybe
maybe
maybe
maybe
maybe
maybe
maybe
maybe
maybe
maybe
maybe
maybe
maybe
maybe
maybe
maybe
maybe
false
maybe
maybe
maybe
maybe
false
maybe
maybe
maybe
maybe
maybe
maybe
maybe
maybe
maybe
maybe
maybe
maybe
maybe
false
maybe
maybe
maybe
maybe
maybe
false
maybe
maybe
false
maybe
maybe
maybe
maybe
maybe
maybe
maybe
maybe
maybe
maybe
maybe
maybe
maybe
maybe
maybe
maybe
maybe
maybe
maybe
maybe
maybe
maybe
maybe
maybe
maybe
maybe
maybe
maybe
maybe
maybe
maybe
maybe
maybe
false
maybe
maybe
maybe
maybe
maybe
maybe
maybe
maybe
maybe
maybe
maybe
maybe
maybe
maybe
maybe
maybe
maybe
maybe
maybe
maybe
maybe
maybe
maybe
maybe
maybe
false
maybe
maybe
maybe
maybe
maybe
maybe
false
maybe
maybe
maybe
maybe
maybe
false
maybe
maybe
maybe
maybe
maybe
maybe
maybe
maybe
maybe
false
maybe
maybe
maybe
false
maybe
maybe
maybe
maybe
maybe
maybe
maybe
maybe
maybe
maybe
maybe
maybe
maybe
maybe
maybe
maybe
maybe
maybe
maybe
maybe
maybe
maybe
maybe
maybe
maybe
maybe
maybe
maybe
maybe
maybe
false
maybe
maybe
maybe
maybe
maybe
maybe
maybe
maybe
maybe
maybe
maybe
maybe
maybe
maybe
maybe
maybe
maybe
maybe
maybe
maybe
maybe
maybe
false
maybe
maybe
maybe
maybe
maybe
maybe
maybe
maybe
maybe
maybe
false
maybe
maybe
false
maybe
maybe
maybe
maybe
maybe
maybe
maybe
maybe
maybe
maybe
maybe
maybe
maybe
maybe
maybe
maybe
maybe
maybe
maybe
maybe
maybe
maybe
false
maybe
maybe
maybe
maybe
maybe
maybe
maybe
maybe
false
maybe
maybe
maybe
maybe
maybe
maybe
false
maybe
maybe
maybe
maybe
maybe
false
maybe
maybe
maybe
maybe
false
maybe
maybe
maybe
maybe
maybe
maybe
maybe
maybe
maybe
maybe
maybe
maybe
maybe
maybe
maybe
false
maybe
maybe
maybe
maybe
maybe
maybe
false
maybe
maybe
maybe
maybe
maybe
maybe
maybe
maybe
maybe
maybe
maybe
maybe
maybe
false
maybe
maybe
maybe
maybe
maybe
maybe
maybe
maybe
false
maybe
maybe
maybe
maybe
maybe
maybe
maybe
maybe
maybe
maybe
maybe
maybe
maybe
maybe
maybe
maybe
maybe
maybe
maybe
maybe
maybe
maybe
maybe
false
maybe
maybe
maybe
maybe
maybe
maybe
maybe
maybe
false
maybe
maybe
maybe
maybe
maybe
maybe
maybe
maybe
maybe
maybe
maybe
false
maybe
false
maybe
maybe
maybe
maybe
maybe
maybe
maybe
maybe
maybe
false
maybe
maybe
maybe
maybe
maybe
maybe
maybe
maybe
maybe
maybe
maybe
maybe
maybe
maybe
maybe
false
maybe
maybe
maybe
maybe
maybe
maybe
maybe
maybe
maybe
maybe
maybe
maybe
false
maybe
maybe
maybe
maybe
false
false
maybe
maybe
maybe
maybe
maybe
maybe
maybe
false
maybe
maybe
maybe
maybe
maybe
maybe
maybe
maybe
maybe
maybe
maybe
false
maybe
maybe
maybe
maybe
maybe
maybe
maybe
maybe
maybe
maybe
maybe
maybe
maybe
maybe
maybe
maybe
maybe
false
maybe
maybe
maybe
maybe
maybe
maybe
maybe
maybe
maybe
maybe
maybe
maybe
maybe
maybe
maybe
maybe
maybe
maybe
maybe
maybe
maybe
maybe
maybe
maybe
maybe
maybe
maybe
maybe
maybe
maybe
maybe
maybe
maybe
maybe
maybe
maybe
maybe
maybe
maybe
maybe
false
maybe
maybe
maybe
maybe
maybe
maybe
maybe
maybe
maybe
maybe
maybe
maybe
maybe
maybe
maybe
maybe
maybe
maybe
maybe
maybe
maybe
maybe
maybe
maybe
maybe
false
maybe
maybe
maybe
maybe
maybe
maybe
maybe
maybe
false
maybe
maybe
maybe
maybe
false
maybe
maybe
maybe
maybe
maybe
maybe
maybe
maybe
maybe
false
maybe
maybe
maybe
maybe
maybe
maybe
maybe
maybe
maybe
maybe
maybe
maybe
maybe
false
false
maybe
maybe
maybe
maybe
maybe
maybe
maybe
maybe
maybe
maybe
maybe
maybe
maybe
maybe
maybe
maybe
maybe
maybe
maybe
maybe
maybe
maybe
maybe
maybe
maybe
maybe
maybe
false
maybe
maybe
maybe
maybe
maybe
maybe
maybe
maybe
maybe
maybe
false
maybe
maybe
maybe
maybe
maybe
maybe
maybe
maybe
maybe
maybe
maybe
maybe
maybe
maybe
maybe
maybe
maybe
maybe
maybe
maybe
maybe
maybe
maybe
maybe
maybe
maybe
maybe
maybe
false
false
maybe
maybe
maybe
maybe
maybe
maybe
maybe
maybe
maybe
false
maybe
maybe
false
maybe
maybe
maybe
maybe
maybe
maybe
maybe
maybe
maybe
false
maybe
maybe
maybe
maybe
maybe
maybe
maybe
maybe
maybe
maybe
maybe
maybe
false
maybe
maybe
maybe
maybe
maybe
maybe
false
maybe
maybe
maybe
maybe
maybe
maybe
maybe
maybe
maybe
maybe
maybe
maybe
maybe
maybe
maybe
maybe
false
maybe
maybe
maybe
maybe
maybe
maybe
maybe
maybe
maybe
maybe
maybe
maybe
maybe
maybe
maybe
maybe
maybe
false
false
maybe
maybe
maybe
maybe
maybe
maybe
maybe
false
maybe
maybe
maybe
maybe
maybe
false
false
maybe
maybe
maybe
maybe
maybe
maybe
maybe
maybe
maybe
false
maybe
maybe
maybe
maybe
maybe
maybe
maybe
maybe
maybe
false
maybe
maybe
maybe
maybe
maybe
maybe
maybe
false
maybe
maybe
maybe
maybe
maybe
maybe
maybe
maybe
maybe
maybe
maybe
maybe
maybe
maybe
false
maybe
maybe
maybe
maybe
maybe
false
maybe
maybe
maybe
maybe
maybe
maybe
maybe
maybe
false
maybe
maybe
maybe
maybe
maybe
maybe
maybe
maybe
maybe
maybe
maybe
maybe
maybe
maybe
false
maybe
maybe
maybe
maybe
maybe
maybe
false
maybe
maybe
maybe
maybe
maybe
maybe
false
maybe
maybe
maybe
maybe
maybe
maybe
maybe
maybe
maybe
maybe
false
maybe
false
maybe
false
maybe
maybe
maybe
maybe
false
maybe
maybe
maybe
maybe
maybe
maybe
maybe
maybe
maybe
maybe
maybe
maybe
maybe
maybe
maybe
maybe
maybe
maybe
maybe
false
maybe
maybe
maybe
maybe
maybe
maybe
maybe
maybe
maybe
maybe
maybe
false
maybe
maybe
false
maybe
maybe
maybe
false
maybe
maybe
false
maybe
maybe
maybe
maybe
maybe
maybe
maybe
maybe
false
maybe
false
maybe
maybe
false
maybe
false
maybe
maybe
maybe
maybe
maybe
maybe
maybe
maybe
maybe
maybe
maybe
maybe
maybe
maybe
false
maybe
maybe
maybe
maybe
false
maybe
maybe
maybe
maybe
maybe
maybe
maybe
maybe
maybe
maybe
maybe
maybe
maybe
false
maybe
maybe
maybe
maybe
maybe
maybe
maybe
maybe
maybe
maybe
maybe
false
maybe
maybe
maybe
maybe
false
maybe
maybe
maybe
maybe
maybe
maybe
maybe
maybe
maybe
maybe
maybe
maybe
maybe
maybe
maybe
maybe
maybe
maybe
false
maybe
maybe
maybe
maybe
maybe
maybe
maybe
maybe
maybe
maybe
maybe
maybe
maybe
maybe
maybe
maybe
maybe
maybe
maybe
maybe
maybe
maybe
maybe
maybe
maybe
false
maybe
maybe
maybe
false
maybe
maybe
false
false
false
maybe
maybe
maybe
maybe
maybe
maybe
maybe
maybe
maybe
maybe
maybe
maybe
maybe
maybe
maybe
maybe
maybe
maybe
false
maybe
maybe
maybe
maybe
maybe
maybe
maybe
maybe
maybe
false
maybe
maybe
maybe
maybe
maybe
false
maybe
maybe
maybe
maybe
maybe
maybe
maybe
maybe
maybe
maybe
maybe
maybe
false
maybe
maybe
false
maybe
maybe
maybe
maybe
false
maybe
maybe
maybe
maybe
maybe
maybe
maybe
maybe
maybe
maybe
maybe
maybe
false
maybe
maybe
maybe
maybe
false
maybe
maybe
maybe
maybe
maybe
maybe
maybe
maybe
maybe
maybe
maybe
maybe
maybe
false
maybe
maybe
maybe
maybe
maybe
maybe
maybe
maybe
false
false
maybe
maybe
maybe
maybe
maybe
maybe
maybe
maybe
maybe
maybe
maybe
maybe
false
false
maybe
maybe
maybe
maybe
maybe
maybe
false
maybe
maybe
maybe
maybe
maybe
maybe
maybe
false
maybe
maybe
maybe
maybe
maybe
maybe
maybe
maybe
maybe
maybe
maybe
maybe
maybe
maybe
maybe
false
maybe
maybe
maybe
maybe
maybe
false
maybe
maybe
maybe
maybe
maybe
false
maybe
maybe
maybe
maybe
maybe
maybe
maybe
maybe
maybe
maybe
maybe
maybe
maybe
maybe
maybe
maybe
maybe
maybe
maybe
maybe
maybe
maybe
false
false
maybe
maybe
maybe
maybe
maybe
maybe
maybe
maybe
maybe
false
false
maybe
maybe
maybe
maybe
maybe
maybe
maybe
maybe
maybe
maybe
maybe
false
maybe
maybe
maybe
maybe
maybe
maybe
maybe
maybe
maybe
maybe
maybe
maybe
maybe
maybe
maybe
maybe
maybe
maybe
maybe
false
maybe
maybe
false
maybe
maybe
maybe
maybe
maybe
maybe
maybe
maybe
maybe
maybe
maybe
maybe
maybe
false
maybe
maybe
maybe
maybe
maybe
maybe
maybe
maybe
maybe
maybe
maybe
maybe
maybe
maybe
maybe
maybe
maybe
false
maybe
maybe
maybe
maybe
maybe
false
maybe
maybe
maybe
maybe
maybe
maybe
maybe
maybe
maybe
maybe
maybe
maybe
maybe
maybe
maybe
maybe
maybe
maybe
false
maybe
maybe
maybe
maybe
maybe
maybe
maybe
maybe
maybe
maybe
maybe
maybe
maybe
maybe
maybe
maybe
maybe
maybe
maybe
maybe
maybe
false
maybe
false
maybe
maybe
maybe
maybe
maybe
maybe
maybe
maybe
maybe
maybe
maybe
maybe
maybe
maybe
maybe
maybe
maybe
maybe
maybe
maybe
false
maybe
maybe
maybe
maybe
maybe
maybe
maybe
false
maybe
maybe
maybe
maybe
maybe
maybe
maybe
maybe
maybe
false
false
maybe
maybe
maybe
maybe
maybe
maybe
maybe
maybe
maybe
maybe
maybe
maybe
maybe
maybe
maybe
maybe
false
maybe
maybe
maybe
maybe
maybe
maybe
maybe
maybe
false
maybe
maybe
maybe
maybe
maybe
maybe
maybe
maybe
maybe
maybe
maybe
maybe
maybe
maybe
maybe
maybe
maybe
maybe
maybe
maybe
maybe
maybe
maybe
maybe
maybe
maybe
maybe
maybe
maybe
maybe
maybe
maybe
maybe
maybe
maybe
maybe
maybe
maybe
maybe
maybe
maybe
maybe
maybe
maybe
maybe
maybe
maybe
false
maybe
maybe
maybe
maybe
maybe
maybe
false
maybe
maybe
maybe
maybe
maybe
maybe
maybe
maybe
maybe
maybe
maybe
false
maybe
maybe
maybe
maybe
maybe
false
false
false
maybe
false
maybe
maybe
maybe
maybe
maybe
maybe
maybe
maybe
maybe
maybe
maybe
maybe
maybe
maybe
false
maybe
false
false
maybe
maybe
maybe
maybe
maybe
maybe
maybe
maybe
maybe
maybe
maybe
maybe
maybe
maybe
false
false
maybe
maybe
maybe
maybe
maybe
maybe
maybe
maybe
maybe
maybe
maybe
maybe
maybe
false
maybe
maybe
maybe
maybe
maybe
maybe
maybe
false
maybe
maybe
maybe
maybe
false
maybe
maybe
maybe
maybe
maybe
maybe
maybe
maybe
maybe
maybe
maybe
false
maybe
maybe
maybe
maybe
maybe
maybe
maybe
maybe
maybe
maybe
maybe
maybe
maybe
maybe
maybe
maybe
false
maybe
false
maybe
maybe
maybe
maybe
maybe
maybe
maybe
maybe
maybe
maybe
maybe
maybe
false
maybe
maybe
false
maybe
maybe
maybe
maybe
maybe
maybe
maybe
maybe
maybe
maybe
maybe
maybe
maybe
maybe
maybe
maybe
maybe
maybe
false
false
maybe
maybe
false
maybe
maybe
maybe
false
maybe
maybe
maybe
maybe
maybe
maybe
maybe
maybe
maybe
maybe
maybe
maybe
maybe
maybe
maybe
maybe
maybe
maybe
maybe
maybe
maybe
maybe
maybe
maybe
maybe
maybe
maybe
false
maybe
maybe
maybe
maybe
maybe
maybe
maybe
maybe
maybe
maybe
maybe
maybe
maybe
maybe
maybe
maybe
maybe
maybe
maybe
maybe
maybe
maybe
maybe
false
maybe
maybe
maybe
maybe
maybe
maybe
false
maybe
maybe
maybe
maybe
maybe
maybe
maybe
maybe
maybe
false
maybe
false
maybe
maybe
maybe
maybe
false
maybe
false
maybe
maybe
false
maybe
maybe
maybe
false
maybe
maybe
maybe
maybe
maybe
maybe
maybe
maybe
false
maybe
maybe
maybe
maybe
maybe
maybe
maybe
maybe
maybe
maybe
maybe
maybe
maybe
maybe
maybe
maybe
maybe
maybe
maybe
maybe
maybe
maybe
maybe
maybe
maybe
false
maybe
maybe
maybe
maybe
maybe
maybe
maybe
maybe
maybe
maybe
maybe
maybe
false
maybe
false
maybe
maybe
maybe
maybe
false
maybe
maybe
maybe
maybe
maybe
maybe
false
maybe
maybe
maybe
false
maybe
maybe
maybe
maybe
maybe
maybe
maybe
maybe
false
maybe
maybe
maybe
maybe
maybe
maybe
false
maybe
maybe
maybe
maybe
maybe
maybe
maybe
false
maybe
maybe
maybe
maybe
maybe
maybe
maybe
maybe
maybe
maybe
maybe
maybe
maybe
maybe
maybe
maybe
maybe
maybe
maybe
maybe
maybe
maybe
maybe
maybe
false
maybe
maybe
false
maybe
maybe
maybe
maybe
maybe
maybe
maybe
maybe
false
maybe
maybe
maybe
maybe
maybe
maybe
maybe
false
false
maybe
maybe
maybe
maybe
maybe
maybe
maybe
maybe
maybe
maybe
false
maybe
maybe
maybe
maybe
maybe
maybe
maybe
maybe
maybe
maybe
maybe
maybe
maybe
false
maybe
maybe
maybe
maybe
maybe
false
maybe
maybe
maybe
maybe
false
maybe
maybe
maybe
maybe
maybe
maybe
maybe
maybe
maybe
maybe
maybe
maybe
maybe
maybe
maybe
false
maybe
maybe
maybe
maybe
maybe
maybe
maybe
maybe
maybe
false
maybe
false
maybe
maybe
maybe
maybe
maybe
maybe
maybe
maybe
maybe
maybe
maybe
maybe
maybe
maybe
maybe
maybe
maybe
false
maybe
maybe
maybe
maybe
maybe
maybe
maybe
maybe
false
maybe
maybe
maybe
maybe
false
maybe
maybe
maybe
maybe
false
maybe
maybe
maybe
maybe
maybe
maybe
maybe
false
maybe
maybe
maybe
maybe
maybe
false
maybe
maybe
maybe
false
false
maybe
maybe
maybe
maybe
maybe
maybe
maybe
maybe
maybe
maybe
maybe
maybe
maybe
maybe
maybe
maybe
maybe
maybe
maybe
maybe
false
maybe
maybe
maybe
maybe
maybe
false
maybe
maybe
false
maybe
maybe
maybe
maybe
maybe
false
maybe
maybe
maybe
maybe
maybe
maybe
maybe
maybe
false
maybe
maybe
maybe
maybe
maybe
maybe
maybe
maybe
maybe
maybe
maybe
maybe
maybe
maybe
maybe
maybe
false
maybe
false
maybe
maybe
maybe
maybe
maybe
maybe
maybe
maybe
false
maybe
maybe
maybe
maybe
maybe
maybe
maybe
maybe
maybe
maybe
maybe
maybe
false
maybe
maybe
maybe
maybe
maybe
maybe
maybe
maybe
maybe
false
false
maybe
maybe
maybe
maybe
maybe
maybe
maybe
maybe
maybe
maybe
maybe
maybe
maybe
maybe
maybe
maybe
maybe
maybe
maybe
false
maybe
maybe
maybe
maybe
maybe
maybe
maybe
maybe
maybe
maybe
maybe
maybe
maybe
maybe
maybe
maybe
maybe
false
maybe
maybe
maybe
maybe
false
maybe
false
maybe
maybe
maybe
maybe
false
maybe
maybe
maybe
maybe
maybe
false
maybe
maybe
false
false
maybe
maybe
maybe
maybe
maybe
maybe
maybe
maybe
maybe
maybe
maybe
maybe
maybe
maybe
maybe
false
maybe
maybe
false
maybe
maybe
maybe
maybe
maybe
maybe
maybe
false
maybe
maybe
maybe
maybe
maybe
maybe
maybe
maybe
maybe
false
maybe
maybe
maybe
false
maybe
maybe
maybe
maybe
maybe
maybe
maybe
maybe
maybe
false
maybe
maybe
maybe
maybe
maybe
maybe
maybe
false
maybe
maybe
maybe
maybe
maybe
maybe
false
maybe
maybe
maybe
maybe
false
maybe
maybe
maybe
maybe
maybe
maybe
maybe
maybe
maybe
maybe
false
maybe
maybe
maybe
maybe
maybe
maybe
maybe
maybe
maybe
maybe
maybe
maybe
maybe
maybe
maybe
maybe
maybe
maybe
maybe
maybe
maybe
maybe
maybe
maybe
maybe
maybe
maybe
maybe
false
maybe
maybe
maybe
maybe
maybe
maybe
maybe
maybe
maybe
maybe
maybe
maybe
maybe
maybe
maybe
maybe
maybe
maybe
maybe
maybe
maybe
false
maybe
maybe
maybe
maybe
maybe
maybe
maybe
maybe
false
maybe
maybe
maybe
false
maybe
false
maybe
maybe
maybe
maybe
false
maybe
maybe
maybe
maybe
maybe
false
maybe
maybe
maybe
maybe
false
maybe
maybe
maybe
maybe
maybe
maybe
false
maybe
maybe
maybe
maybe
maybe
maybe
maybe
maybe
maybe
maybe
maybe
maybe
maybe
maybe
false
maybe
maybe
maybe
maybe
maybe
false
maybe
maybe
maybe
maybe
maybe
maybe
maybe
maybe
maybe
maybe
maybe
maybe
maybe
maybe
false
false
maybe
maybe
maybe
maybe
maybe
false
maybe
maybe
maybe
maybe
maybe
maybe
false
maybe
maybe
maybe
maybe
maybe
maybe
maybe
maybe
maybe
maybe
maybe
maybe
maybe
false
maybe
maybe
maybe
false
maybe
maybe
maybe
maybe
maybe
maybe
maybe
maybe
maybe
maybe
maybe
maybe
maybe
maybe
maybe
maybe
maybe
maybe
maybe
maybe
maybe
maybe
maybe
maybe
maybe
maybe
maybe
maybe
maybe
maybe
false
maybe
maybe
maybe
maybe
maybe
maybe
maybe
maybe
maybe
maybe
maybe
maybe
maybe
maybe
maybe
maybe
maybe
maybe
maybe
maybe
maybe
maybe
maybe
maybe
maybe
maybe
maybe
maybe
maybe
maybe
maybe
maybe
maybe
maybe
maybe
maybe
false
maybe
maybe
maybe
maybe
maybe
false
maybe
maybe
maybe
maybe
maybe
maybe
maybe
maybe
maybe
maybe
maybe
maybe
maybe
maybe
maybe
maybe
maybe
maybe
maybe
maybe
maybe
maybe
maybe
maybe
maybe
false
maybe
maybe
maybe
maybe
maybe
maybe
maybe
maybe
maybe
maybe
maybe
false
maybe
maybe
maybe
maybe
maybe
maybe
maybe
maybe
maybe
maybe
false
maybe
maybe
maybe
maybe
maybe
maybe
maybe
maybe
maybe
maybe
maybe
maybe
false
maybe
maybe
maybe
maybe
maybe
maybe
maybe
maybe
maybe
maybe
maybe
maybe
maybe
maybe
maybe
maybe
false
maybe
maybe
maybe
maybe
maybe
maybe
maybe
maybe
maybe
false
maybe
maybe
false
maybe
maybe
maybe
maybe
maybe
maybe
maybe
maybe
maybe
false
maybe
maybe
maybe
maybe
maybe
maybe
maybe
maybe
maybe
maybe
maybe
maybe
maybe
maybe
maybe
maybe
maybe
maybe
maybe
maybe
maybe
maybe
maybe
maybe
maybe
maybe
maybe
maybe
maybe
maybe
maybe
maybe
maybe
maybe
maybe
maybe
maybe
maybe
maybe
maybe
maybe
maybe
maybe
maybe
maybe
maybe
false
false
maybe
maybe
maybe
maybe
maybe
maybe
maybe
false
maybe
maybe
maybe
maybe
maybe
maybe
false
maybe
maybe
maybe
maybe
maybe
maybe
maybe
maybe
maybe
maybe
maybe
maybe
maybe
false
maybe
maybe
maybe
maybe
maybe
maybe
maybe
maybe
maybe
maybe
maybe
maybe
maybe
maybe
maybe
maybe
maybe
maybe
false
false
maybe
maybe
maybe
maybe
maybe
maybe
maybe
maybe
maybe
maybe
maybe
maybe
maybe
maybe
maybe
false
maybe
maybe
maybe
maybe
maybe
maybe
maybe
false
maybe
maybe
maybe
maybe
maybe
maybe
maybe
maybe
false
maybe
maybe
maybe
maybe
maybe
maybe
false
maybe
maybe
maybe
maybe
maybe
maybe
maybe
maybe
maybe
maybe
maybe
maybe
maybe
maybe
maybe
maybe
maybe
false
maybe
maybe
maybe
maybe
maybe
maybe
maybe
maybe
maybe
false
maybe
maybe
maybe
maybe
maybe
maybe
maybe
maybe
maybe
maybe
maybe
maybe
maybe
maybe
maybe
maybe
maybe
maybe
maybe
maybe
maybe
maybe
maybe
maybe
maybe
maybe
maybe
maybe
maybe
maybe
maybe
maybe
maybe
maybe
maybe
maybe
maybe
maybe
maybe
maybe
maybe
maybe
maybe
maybe
maybe
false
maybe
maybe
maybe
false
maybe
maybe
maybe
maybe
maybe
maybe
maybe
maybe
maybe
maybe
maybe
maybe
maybe
false
maybe
false
maybe
maybe
maybe
maybe
maybe
maybe
maybe
maybe
false
maybe
maybe
maybe
false
false
maybe
maybe
maybe
maybe
maybe
maybe
false
maybe
maybe
false
maybe
false
maybe
maybe
maybe
maybe
maybe
maybe
maybe
false
maybe
maybe
maybe
maybe
maybe
maybe
maybe
maybe
maybe
maybe
maybe
maybe
maybe
maybe
maybe
maybe
maybe
maybe
maybe
maybe
maybe
maybe
maybe
maybe
maybe
false
maybe
maybe
maybe
maybe
false
maybe
maybe
maybe
maybe
maybe
maybe
maybe
false
maybe
maybe
maybe
maybe
maybe
maybe
maybe
maybe
maybe
maybe
maybe
maybe
maybe
maybe
maybe
maybe
maybe
maybe
maybe
false
maybe
maybe
maybe
maybe
maybe
false
maybe
maybe
maybe
maybe
maybe
maybe
maybe
maybe
maybe
maybe
maybe
maybe
false
maybe
maybe
maybe
maybe
maybe
maybe
maybe
maybe
maybe
maybe
maybe
maybe
maybe
false
maybe
maybe
maybe
maybe
maybe
false
false
maybe
maybe
maybe
maybe
maybe
maybe
maybe
maybe
maybe
false
maybe
maybe
false
maybe
maybe
maybe
maybe
maybe
maybe
maybe
maybe
maybe
maybe
maybe
maybe
maybe
maybe
maybe
maybe
maybe
maybe
maybe
maybe
maybe
maybe
maybe
maybe
false
maybe
maybe
false
false
maybe
false
maybe
maybe
maybe
maybe
maybe
false
maybe
maybe
maybe
maybe
maybe
maybe
maybe
maybe
maybe
false
maybe
maybe
maybe
maybe
maybe
maybe
maybe
maybe
maybe
maybe
false
maybe
false
maybe
maybe
maybe
maybe
maybe
maybe
maybe
maybe
maybe
false
maybe
maybe
maybe
maybe
maybe
false
maybe
maybe
maybe
maybe
maybe
maybe
maybe
maybe
maybe
false
maybe
maybe
maybe
maybe
maybe
maybe
maybe
maybe
false
maybe
maybe
maybe
maybe
maybe
maybe
maybe
maybe
maybe
maybe
maybe
maybe
maybe
maybe
maybe
maybe
maybe
maybe
maybe
maybe
maybe
maybe
maybe
false
maybe
maybe
maybe
maybe
false
maybe
maybe
maybe
maybe
maybe
maybe
maybe
maybe
maybe
false
maybe
maybe
maybe
maybe
maybe
maybe
maybe
false
maybe
maybe
maybe
maybe
maybe
maybe
maybe
maybe
maybe
maybe
maybe
maybe
false
maybe
maybe
maybe
maybe
maybe
false
maybe
maybe
maybe
maybe
maybe
maybe
maybe
false
maybe
maybe
maybe
maybe
maybe
maybe
false
maybe
maybe
maybe
maybe
maybe
maybe
maybe
maybe
maybe
maybe
false
maybe
maybe
false
maybe
false
maybe
maybe
maybe
maybe
maybe
maybe
maybe
maybe
maybe
maybe
maybe
maybe
maybe
false
maybe
maybe
maybe
maybe
maybe
maybe
maybe
maybe
maybe
maybe
maybe
maybe
maybe
maybe
maybe
maybe
false
maybe
maybe
maybe
maybe
maybe
maybe
maybe
maybe
maybe
maybe
maybe
maybe
maybe
maybe
maybe
maybe
maybe
maybe
maybe
maybe
maybe
false
maybe
false
maybe
maybe
maybe
maybe
maybe
maybe
maybe
maybe
maybe
maybe
maybe
maybe
maybe
maybe
maybe
maybe
maybe
maybe
maybe
maybe
maybe
maybe
maybe
maybe
maybe
maybe
maybe
maybe
maybe
maybe
maybe
maybe
maybe
maybe
false
maybe
maybe
maybe
maybe
maybe
maybe
maybe
maybe
maybe
maybe
maybe
maybe
maybe
maybe
maybe
maybe
maybe
maybe
maybe
maybe
maybe
maybe
maybe
maybe
false
false
maybe
maybe
maybe
maybe
maybe
maybe
maybe
false
maybe
maybe
maybe
maybe
maybe
maybe
maybe
maybe
maybe
maybe
maybe
maybe
maybe
maybe
maybe
maybe
maybe
maybe
maybe
maybe
maybe
false
maybe
maybe
maybe
false
maybe
maybe
maybe
maybe
maybe
maybe
maybe
maybe
maybe
maybe
maybe
maybe
maybe
maybe
maybe
maybe
maybe
maybe
maybe
maybe
maybe
maybe
maybe
maybe
maybe
maybe
maybe
maybe
maybe
maybe
maybe
maybe
maybe
maybe
false
maybe
maybe
maybe
maybe
maybe
maybe
maybe
maybe
maybe
maybe
maybe
maybe
maybe
maybe
maybe
maybe
maybe
maybe
maybe
maybe
maybe
maybe
maybe
maybe
maybe
maybe
maybe
maybe
maybe
maybe
false
false
maybe
false
maybe
maybe
maybe
maybe
maybe
false
maybe
maybe
maybe
maybe
maybe
false
maybe
maybe
maybe
maybe
maybe
maybe
maybe
false
maybe
maybe
maybe
maybe
maybe
maybe
maybe
maybe
maybe
maybe
maybe
maybe
maybe
maybe
maybe
maybe
maybe
maybe
maybe
maybe
maybe
maybe
maybe
maybe
maybe
maybe
maybe
maybe
maybe
false
maybe
false
maybe
maybe
maybe
maybe
maybe
maybe
maybe
maybe
maybe
maybe
maybe
maybe
false
maybe
maybe
maybe
maybe
maybe
maybe
maybe
maybe
maybe
maybe
maybe
maybe
maybe
maybe
maybe
maybe
maybe
maybe
maybe
maybe
maybe
maybe
maybe
false
maybe
maybe
false
maybe
maybe
maybe
maybe
maybe
maybe
maybe
maybe
maybe
maybe
maybe
maybe
maybe
maybe
maybe
maybe
false
false
maybe
maybe
maybe
maybe
maybe
maybe
false
maybe
maybe
maybe
false
false
maybe
false
maybe
maybe
maybe
maybe
maybe
maybe
false
maybe
false
maybe
maybe
maybe
maybe
maybe
maybe
false
maybe
maybe
maybe
maybe
maybe
maybe
maybe
maybe
maybe
maybe
false
maybe
maybe
maybe
maybe
maybe
maybe
maybe
maybe
maybe
maybe
maybe
maybe
maybe
maybe
maybe
maybe
maybe
maybe
maybe
maybe
maybe
maybe
maybe
maybe
maybe
maybe
maybe
maybe
maybe
maybe
false
maybe
maybe
maybe
maybe
maybe
maybe
maybe
false
maybe
maybe
maybe
maybe
maybe
maybe
maybe
maybe
maybe
maybe
maybe
maybe
maybe
maybe
maybe
maybe
false
maybe
maybe
maybe
maybe
maybe
maybe
maybe
maybe
false
maybe
false
maybe
maybe
false
maybe
maybe
maybe
maybe
maybe
maybe
false
maybe
false
false
maybe
maybe
maybe
maybe
maybe
maybe
false
maybe
maybe
maybe
maybe
maybe
maybe
maybe
maybe
false
maybe
maybe
maybe
maybe
maybe
maybe
maybe
maybe
maybe
maybe
maybe
maybe
false
maybe
maybe
false
maybe
maybe
maybe
maybe
maybe
maybe
maybe
maybe
maybe
maybe
maybe
maybe
maybe
false
maybe
maybe
maybe
maybe
maybe
maybe
maybe
maybe
maybe
maybe
maybe
maybe
maybe
maybe
maybe
maybe
maybe
maybe
maybe
false
maybe
maybe
maybe
maybe
maybe
maybe
maybe
maybe
false
maybe
maybe
maybe
maybe
maybe
maybe
maybe
false
maybe
maybe
maybe
maybe
maybe
false
maybe
maybe
maybe
maybe
maybe
maybe
maybe
maybe
maybe
maybe
maybe
maybe
maybe
maybe
maybe
maybe
maybe
maybe
maybe
maybe
maybe
maybe
maybe
maybe
maybe
maybe
maybe
maybe
maybe
maybe
false
maybe
maybe
maybe
maybe
maybe
maybe
false
maybe
maybe
false
maybe
maybe
maybe
false
maybe
maybe
maybe
maybe
maybe
maybe
maybe
false
maybe
maybe
maybe
maybe
maybe
maybe
maybe
maybe
false
maybe
maybe
false
maybe
false
maybe
maybe
maybe
maybe
maybe
maybe
maybe
maybe
false
maybe
maybe
false
maybe
maybe
maybe
false
false
maybe
maybe
maybe
maybe
maybe
maybe
maybe
maybe
maybe
maybe
maybe
maybe
maybe
maybe
maybe
maybe
maybe
maybe
false
maybe
maybe
maybe
maybe
maybe
maybe
maybe
false
maybe
maybe
maybe
maybe
maybe
maybe
false
maybe
maybe
maybe
maybe
maybe
maybe
maybe
maybe
maybe
maybe
maybe
maybe
maybe
false
maybe
maybe
false
maybe
false
maybe
maybe
maybe
maybe
maybe
maybe
maybe
maybe
false
false
maybe
maybe
maybe
maybe
maybe
false
maybe
maybe
maybe
false
maybe
false
maybe
maybe
maybe
maybe
maybe
maybe
false
maybe
maybe
false
maybe
maybe
maybe
maybe
maybe
maybe
maybe
maybe
maybe
maybe
maybe
maybe
maybe
maybe
maybe
maybe
maybe
maybe
maybe
maybe
maybe
maybe
maybe
maybe
maybe
maybe
maybe
maybe
maybe
maybe
maybe
maybe
maybe
maybe
maybe
maybe
maybe
maybe
false
maybe
maybe
false
maybe
maybe
maybe
maybe
maybe
maybe
maybe
maybe
maybe
maybe
maybe
maybe
maybe
maybe
maybe
maybe
maybe
maybe
maybe
maybe
maybe
maybe
maybe
maybe
maybe
maybe
maybe
maybe
maybe
maybe
maybe
maybe
maybe
maybe
maybe
maybe
maybe
maybe
maybe
maybe
maybe
maybe
false
maybe
maybe
maybe
maybe
maybe
maybe
maybe
maybe
maybe
maybe
maybe
maybe
maybe
maybe
maybe
maybe
maybe
maybe
maybe
maybe
maybe
maybe
maybe
maybe
maybe
maybe
maybe
maybe
maybe
maybe
maybe
maybe
false
maybe
maybe
maybe
maybe
maybe
maybe
maybe
maybe
maybe
maybe
maybe
maybe
maybe
false
maybe
maybe
false
maybe
maybe
maybe
maybe
maybe
maybe
maybe
maybe
maybe
maybe
maybe
maybe
maybe
maybe
maybe
maybe
maybe
maybe
maybe
maybe
maybe
false
maybe
false
false
maybe
maybe
maybe
maybe
maybe
false
maybe
maybe
maybe
maybe
maybe
maybe
false
maybe
maybe
maybe
maybe
maybe
maybe
maybe
maybe
maybe
maybe
maybe
maybe
maybe
maybe
maybe
maybe
maybe
maybe
maybe
maybe
maybe
false
false
maybe
maybe
maybe
maybe
maybe
maybe
maybe
maybe
maybe
maybe
maybe
maybe
maybe
maybe
maybe
maybe
maybe
maybe
maybe
maybe
maybe
maybe
maybe
maybe
maybe
maybe
maybe
maybe
maybe
maybe
maybe
false
maybe
maybe
maybe
maybe
maybe
maybe
false
maybe
maybe
false
maybe
maybe
maybe
maybe
maybe
maybe
maybe
maybe
maybe
maybe
false
maybe
maybe
maybe
maybe
false
maybe
maybe
maybe
maybe
maybe
maybe
maybe
maybe
maybe
maybe
maybe
maybe
maybe
maybe
maybe
maybe
maybe
maybe
maybe
maybe
maybe
maybe
maybe
maybe
maybe
false
maybe
maybe
maybe
maybe
maybe
false
maybe
maybe
maybe
maybe
maybe
maybe
false
maybe
maybe
maybe
maybe
maybe
maybe
maybe
maybe
false
maybe
maybe
false
maybe
maybe
maybe
maybe
maybe
maybe
maybe
maybe
maybe
maybe
maybe
maybe
maybe
maybe
maybe
maybe
maybe
false
maybe
maybe
maybe
maybe
false
maybe
maybe
maybe
maybe
maybe
maybe
maybe
maybe
maybe
maybe
maybe
maybe
maybe
false
maybe
maybe
maybe
maybe
false
maybe
maybe
false
maybe
maybe
maybe
maybe
maybe
maybe
maybe
maybe
maybe
maybe
maybe
maybe
maybe
maybe
maybe
maybe
maybe
maybe
maybe
maybe
maybe
maybe
maybe
maybe
maybe
false
maybe
maybe
maybe
maybe
false
maybe
maybe
maybe
maybe
maybe
maybe
maybe
maybe
maybe
maybe
maybe
maybe
maybe
maybe
maybe
maybe
false
maybe
maybe
false
maybe
maybe
maybe
maybe
maybe
maybe
maybe
maybe
maybe
maybe
maybe
maybe
maybe
maybe
maybe
maybe
maybe
maybe
false
maybe
maybe
maybe
maybe
maybe
maybe
maybe
maybe
maybe
maybe
maybe
false
maybe
maybe
maybe
maybe
maybe
maybe
maybe
maybe
maybe
maybe
maybe
maybe
false
maybe
maybe
maybe
maybe
maybe
maybe
maybe
maybe
false
maybe
maybe
false
maybe
false
maybe
maybe
maybe
maybe
maybe
maybe
maybe
maybe
maybe
maybe
maybe
maybe
maybe
maybe
maybe
maybe
maybe
maybe
maybe
maybe
maybe
maybe
maybe
maybe
maybe
maybe
maybe
maybe
maybe
maybe
maybe
maybe
maybe
false
maybe
maybe
maybe
maybe
maybe
maybe
maybe
false
false
maybe
maybe
maybe
false
maybe
maybe
maybe
false
maybe
maybe
maybe
maybe
maybe
maybe
maybe
maybe
maybe
maybe
maybe
maybe
false
maybe
maybe
maybe
maybe
maybe
false
maybe
maybe
maybe
maybe
maybe
maybe
maybe
maybe
maybe
maybe
maybe
maybe
maybe
maybe
maybe
maybe
maybe
maybe
maybe
maybe
maybe
maybe
false
maybe
maybe
maybe
maybe
maybe
maybe
maybe
maybe
maybe
maybe
maybe
maybe
maybe
maybe
maybe
maybe
maybe
maybe
maybe
maybe
maybe
maybe
false
maybe
maybe
maybe
maybe
maybe
maybe
maybe
maybe
maybe
false
maybe
maybe
maybe
false
maybe
maybe
maybe
maybe
maybe
maybe
maybe
maybe
maybe
maybe
maybe
maybe
false
maybe
maybe
maybe
maybe
maybe
maybe
maybe
maybe
maybe
maybe
maybe
maybe
maybe
maybe
maybe
maybe
maybe
maybe
maybe
maybe
maybe
false
maybe
maybe
maybe
maybe
maybe
maybe
maybe
maybe
false
maybe
maybe
maybe
maybe
maybe
maybe
maybe
maybe
maybe
maybe
maybe
maybe
maybe
maybe
maybe
maybe
maybe
maybe
maybe
maybe
maybe
maybe
maybe
maybe
maybe
maybe
maybe
maybe
maybe
maybe
maybe
maybe
maybe
maybe
maybe
maybe
maybe
maybe
maybe
maybe
maybe
maybe
maybe
maybe
maybe
maybe
maybe
false
maybe
maybe
maybe
maybe
maybe
maybe
false
maybe
maybe
maybe
maybe
maybe
maybe
false
maybe
maybe
maybe
maybe
maybe
maybe
maybe
maybe
maybe
maybe
maybe
maybe
maybe
maybe
maybe
maybe
maybe
maybe
maybe
false
maybe
maybe
maybe
maybe
maybe
maybe
maybe
maybe
maybe
maybe
maybe
maybe
maybe
maybe
maybe
maybe
maybe
maybe
false
maybe
maybe
maybe
maybe
maybe
maybe
maybe
maybe
maybe
maybe
maybe
maybe
maybe
maybe
maybe
maybe
maybe
maybe
maybe
maybe
maybe
maybe
maybe
maybe
maybe
maybe
maybe
maybe
maybe
maybe
maybe
maybe
maybe
maybe
maybe
maybe
maybe
maybe
maybe
maybe
maybe
maybe
maybe
maybe
maybe
false
false
maybe
maybe
maybe
maybe
maybe
false
maybe
false
maybe
maybe
false
maybe
maybe
maybe
maybe
maybe
maybe
maybe
maybe
maybe
maybe
maybe
maybe
false
maybe
maybe
false
false
maybe
false
maybe
maybe
maybe
maybe
maybe
maybe
maybe
maybe
maybe
false
maybe
maybe
maybe
maybe
maybe
maybe
maybe
maybe
maybe
maybe
maybe
maybe
false
maybe
maybe
maybe
maybe
maybe
maybe
maybe
maybe
maybe
maybe
maybe
maybe
maybe
maybe
maybe
false
maybe
maybe
maybe
maybe
maybe
maybe
maybe
maybe
maybe
maybe
false
maybe
maybe
false
maybe
maybe
maybe
maybe
maybe
maybe
maybe
maybe
maybe
maybe
maybe
maybe
maybe
false
maybe
maybe
false
maybe
maybe
maybe
maybe
maybe
maybe
maybe
maybe
maybe
maybe
false
maybe
maybe
maybe
maybe
maybe
maybe
maybe
maybe
maybe
false
maybe
maybe
maybe
maybe
maybe
maybe
maybe
false
maybe
maybe
maybe
maybe
maybe
maybe
maybe
maybe
maybe
maybe
maybe
maybe
maybe
maybe
maybe
maybe
maybe
false
maybe
maybe
false
false
maybe
maybe
maybe
maybe
maybe
maybe
maybe
maybe
false
maybe
maybe
maybe
maybe
maybe
maybe
maybe
maybe
maybe
maybe
maybe
maybe
maybe
maybe
maybe
maybe
maybe
maybe
maybe
maybe
maybe
maybe
maybe
maybe
maybe
maybe
maybe
maybe
maybe
maybe
false
maybe
false
maybe
maybe
maybe
maybe
maybe
maybe
maybe
maybe
maybe
maybe
maybe
maybe
maybe
maybe
false
maybe
maybe
false
maybe
maybe
maybe
maybe
maybe
maybe
maybe
maybe
maybe
maybe
maybe
maybe
maybe
maybe
maybe
maybe
maybe
maybe
maybe
maybe
maybe
false
maybe
maybe
maybe
false
maybe
maybe
maybe
maybe
maybe
maybe
maybe
maybe
maybe
maybe
maybe
false
false
maybe
maybe
maybe
maybe
maybe
maybe
maybe
maybe
false
false
maybe
maybe
maybe
maybe
maybe
maybe
maybe
maybe
maybe
maybe
maybe
maybe
maybe
maybe
maybe
maybe
maybe
maybe
maybe
maybe
maybe
maybe
maybe
maybe
maybe
maybe
maybe
maybe
maybe
maybe
maybe
maybe
maybe
maybe
maybe
maybe
maybe
false
maybe
maybe
maybe
maybe
maybe
maybe
maybe
maybe
maybe
maybe
false
maybe
maybe
maybe
false
maybe
maybe
maybe
maybe
maybe
maybe
maybe
maybe
false
maybe
maybe
maybe
maybe
maybe
maybe
maybe
maybe
maybe
maybe
maybe
maybe
maybe
maybe
maybe
maybe
maybe
maybe
maybe
maybe
maybe
maybe
maybe
maybe
maybe
maybe
maybe
maybe
maybe
maybe
false
maybe
maybe
maybe
maybe
maybe
maybe
maybe
maybe
maybe
maybe
maybe
maybe
maybe
maybe
maybe
maybe
maybe
maybe
maybe
false
maybe
maybe
maybe
maybe
maybe
maybe
maybe
maybe
maybe
maybe
maybe
maybe
maybe
maybe
maybe
maybe
maybe
maybe
maybe
maybe
maybe
maybe
maybe
maybe
maybe
maybe
maybe
maybe
maybe
maybe
maybe
maybe
maybe
maybe
maybe
maybe
maybe
maybe
false
maybe
maybe
maybe
maybe
maybe
false
maybe
maybe
maybe
maybe
maybe
maybe
maybe
maybe
maybe
false
maybe
maybe
maybe
maybe
maybe
maybe
maybe
maybe
maybe
maybe
maybe
maybe
maybe
maybe
maybe
maybe
maybe
maybe
maybe
maybe
false
maybe
maybe
maybe
maybe
maybe
maybe
maybe
maybe
maybe
maybe
maybe
maybe
maybe
false
maybe
maybe
maybe
false
maybe
maybe
false
maybe
false
maybe
maybe
maybe
maybe
maybe
maybe
maybe
maybe
maybe
maybe
maybe
false
maybe
maybe
maybe
maybe
maybe
maybe
maybe
maybe
maybe
maybe
maybe
maybe
maybe
maybe
maybe
maybe
maybe
maybe
maybe
false
maybe
maybe
maybe
maybe
maybe
false
maybe
false
maybe
maybe
false
maybe
maybe
maybe
maybe
maybe
maybe
maybe
maybe
maybe
maybe
maybe
maybe
maybe
maybe
maybe
maybe
maybe
maybe
maybe
maybe
maybe
maybe
maybe
maybe
maybe
maybe
maybe
maybe
maybe
false
false
maybe
maybe
maybe
maybe
false
false
maybe
maybe
maybe
maybe
maybe
maybe
maybe
maybe
maybe
maybe
maybe
maybe
maybe
maybe
maybe
maybe
maybe
maybe
maybe
maybe
maybe
maybe
maybe
maybe
maybe
maybe
maybe
maybe
maybe
maybe
maybe
maybe
maybe
false
maybe
maybe
false
maybe
maybe
maybe
false
maybe
maybe
maybe
maybe
maybe
maybe
maybe
maybe
maybe
maybe
maybe
maybe
maybe
false
maybe
maybe
false
maybe
maybe
maybe
maybe
maybe
maybe
maybe
maybe
maybe
maybe
maybe
maybe
maybe
maybe
maybe
maybe
maybe
maybe
maybe
maybe
maybe
maybe
false
false
maybe
maybe
maybe
maybe
maybe
maybe
maybe
maybe
maybe
false
maybe
maybe
maybe
maybe
false
maybe
maybe
maybe
maybe
maybe
maybe
maybe
maybe
maybe
maybe
maybe
maybe
maybe
maybe
maybe
false
maybe
maybe
maybe
maybe
maybe
maybe
maybe
maybe
maybe
maybe
maybe
false
false
maybe
false
maybe
maybe
false
maybe
maybe
maybe
maybe
maybe
maybe
false
maybe
false
maybe
maybe
maybe
maybe
maybe
maybe
maybe
maybe
false
maybe
maybe
maybe
maybe
maybe
maybe
maybe
maybe
maybe
maybe
maybe
maybe
maybe
maybe
maybe
maybe
false
maybe
maybe
false
maybe
maybe
maybe
maybe
maybe
maybe
maybe
maybe
false
maybe
maybe
maybe
maybe
maybe
maybe
maybe
maybe
maybe
maybe
false
maybe
maybe
maybe
false
maybe
maybe
maybe
maybe
maybe
maybe
maybe
maybe
maybe
maybe
maybe
maybe
false
maybe
false
maybe
false
maybe
maybe
maybe
maybe
maybe
maybe
maybe
false
maybe
maybe
maybe
maybe
false
maybe
maybe
maybe
maybe
maybe
maybe
maybe
maybe
maybe
maybe
maybe
maybe
maybe
maybe
maybe
maybe
maybe
maybe
maybe
maybe
maybe
maybe
maybe
maybe
maybe
maybe
maybe
maybe
maybe
maybe
maybe
maybe
maybe
maybe
maybe
maybe
maybe
maybe
maybe
maybe
maybe
maybe
maybe
maybe
false
maybe
maybe
maybe
maybe
maybe
maybe
maybe
maybe
maybe
maybe
maybe
maybe
maybe
maybe
maybe
maybe
maybe
maybe
maybe
false
maybe
maybe
maybe
maybe
maybe
maybe
maybe
false
maybe
maybe
maybe
maybe
false
maybe
maybe
maybe
maybe
maybe
maybe
maybe
false
maybe
maybe
maybe
maybe
false
maybe
maybe
maybe
maybe
maybe
maybe
false
maybe
false
maybe
maybe
maybe
maybe
maybe
maybe
maybe
maybe
maybe
maybe
maybe
maybe
maybe
maybe
maybe
false
maybe
maybe
false
maybe
maybe
maybe
maybe
maybe
maybe
false
maybe
maybe
maybe
maybe
maybe
maybe
maybe
false
maybe
maybe
maybe
maybe
false
maybe
maybe
maybe
false
maybe
maybe
maybe
maybe
maybe
maybe
maybe
maybe
maybe
maybe
maybe
maybe
maybe
maybe
false
maybe
maybe
maybe
maybe
maybe
false
maybe
maybe
maybe
maybe
maybe
maybe
maybe
maybe
maybe
maybe
maybe
maybe
maybe
false
maybe
false
maybe
maybe
maybe
maybe
maybe
maybe
maybe
maybe
maybe
maybe
maybe
maybe
maybe
maybe
maybe
maybe
maybe
maybe
maybe
maybe
maybe
maybe
maybe
maybe
maybe
maybe
false
maybe
maybe
maybe
maybe
maybe
maybe
maybe
false
maybe
false
false
maybe
maybe
maybe
maybe
maybe
maybe
maybe
maybe
maybe
maybe
false
maybe
maybe
maybe
maybe
maybe
maybe
maybe
false
maybe
maybe
maybe
false
maybe
maybe
maybe
maybe
maybe
maybe
false
maybe
maybe
maybe
maybe
maybe
maybe
maybe
maybe
false
maybe
maybe
maybe
maybe
maybe
maybe
false
maybe
maybe
false
false
maybe
false
maybe
maybe
maybe
maybe
maybe
maybe
maybe
maybe
maybe
maybe
maybe
false
maybe
maybe
maybe
maybe
maybe
maybe
maybe
maybe
maybe
maybe
maybe
maybe
maybe
maybe
maybe
false
maybe
maybe
maybe
maybe
maybe
maybe
maybe
maybe
maybe
maybe
false
maybe
maybe
maybe
maybe
maybe
false
maybe
maybe
maybe
maybe
maybe
maybe
false
false
maybe
maybe
maybe
maybe
maybe
false
maybe
maybe
maybe
maybe
maybe
maybe
maybe
maybe
false
maybe
maybe
maybe
maybe
maybe
maybe
maybe
maybe
maybe
maybe
maybe
maybe
maybe
false
maybe
maybe
maybe
maybe
maybe
maybe
maybe
maybe
maybe
maybe
maybe
maybe
maybe
maybe
maybe
maybe
maybe
maybe
maybe
maybe
maybe
maybe
false
maybe
maybe
maybe
maybe
maybe
maybe
maybe
maybe
maybe
maybe
maybe
false
maybe
maybe
maybe
maybe
maybe
maybe
maybe
maybe
maybe
maybe
false
maybe
maybe
maybe
maybe
maybe
maybe
maybe
maybe
maybe
maybe
maybe
false
maybe
maybe
maybe
maybe
false
maybe
maybe
maybe
false
maybe
maybe
maybe
maybe
maybe
maybe
maybe
maybe
maybe
maybe
maybe
maybe
maybe
false
maybe
false
maybe
false
maybe
maybe
maybe
maybe
maybe
maybe
false
maybe
maybe
maybe
maybe
maybe
maybe
maybe
maybe
maybe
false
maybe
maybe
maybe
maybe
maybe
maybe
maybe
maybe
maybe
maybe
maybe
maybe
maybe
maybe
maybe
false
false
maybe
false
maybe
maybe
maybe
maybe
maybe
maybe
maybe
maybe
maybe
maybe
maybe
maybe
maybe
maybe
maybe
maybe
maybe
maybe
maybe
false
maybe
false
maybe
maybe
maybe
maybe
maybe
maybe
false
maybe
maybe
false
maybe
maybe
maybe
maybe
maybe
maybe
maybe
maybe
maybe
maybe
maybe
maybe
maybe
maybe
maybe
maybe
maybe
maybe
false
maybe
maybe
maybe
false
maybe
maybe
maybe
maybe
maybe
false
maybe
maybe
maybe
maybe
maybe
maybe
maybe
maybe
maybe
maybe
maybe
maybe
maybe
maybe
maybe
maybe
maybe
maybe
maybe
false
maybe
maybe
maybe
maybe
maybe
maybe
false
maybe
maybe
maybe
maybe
maybe
maybe
maybe
maybe
false
maybe
maybe
maybe
maybe
maybe
maybe
maybe
maybe
maybe
maybe
maybe
maybe
maybe
maybe
maybe
maybe
maybe
maybe
maybe
maybe
maybe
maybe
maybe
maybe
maybe
maybe
maybe
maybe
false
false
maybe
maybe
maybe
maybe
maybe
maybe
maybe
maybe
maybe
maybe
false
maybe
maybe
false
maybe
maybe
maybe
maybe
maybe
maybe
false
maybe
maybe
maybe
maybe
maybe
maybe
maybe
maybe
false
maybe
maybe
maybe
maybe
maybe
maybe
maybe
maybe
maybe
maybe
maybe
maybe
maybe
maybe
maybe
maybe
maybe
maybe
maybe
maybe
maybe
maybe
maybe
maybe
maybe
maybe
maybe
false
maybe
maybe
maybe
maybe
false
maybe
maybe
maybe
maybe
maybe
maybe
maybe
maybe
maybe
maybe
maybe
maybe
maybe
maybe
maybe
maybe
false
maybe
maybe
maybe
maybe
maybe
maybe
maybe
maybe
maybe
maybe
false
maybe
maybe
maybe
false
maybe
maybe
maybe
maybe
maybe
maybe
maybe
maybe
maybe
maybe
maybe
maybe
maybe
maybe
maybe
maybe
maybe
maybe
maybe
maybe
maybe
maybe
maybe
maybe
maybe
maybe
maybe
maybe
maybe
maybe
maybe
maybe
maybe
maybe
maybe
maybe
maybe
maybe
maybe
maybe
maybe
maybe
maybe
maybe
maybe
maybe
maybe
maybe
maybe
maybe
maybe
false
maybe
maybe
maybe
false
maybe
maybe
maybe
maybe
maybe
maybe
maybe
maybe
maybe
maybe
maybe
maybe
false
maybe
maybe
maybe
maybe
maybe
maybe
maybe
maybe
maybe
maybe
maybe
maybe
maybe
false
maybe
maybe
maybe
maybe
false
maybe
maybe
maybe
maybe
maybe
maybe
maybe
maybe
maybe
maybe
maybe
maybe
maybe
maybe
maybe
false
maybe
maybe
maybe
maybe
maybe
maybe
maybe
maybe
maybe
maybe
maybe
maybe
maybe
false
maybe
maybe
maybe
maybe
maybe
maybe
maybe
maybe
maybe
maybe
maybe
maybe
false
maybe
false
maybe
maybe
maybe
maybe
maybe
maybe
maybe
maybe
false
false
maybe
maybe
maybe
maybe
maybe
maybe
maybe
maybe
maybe
maybe
maybe
maybe
maybe
maybe
maybe
maybe
maybe
maybe
maybe
maybe
maybe
maybe
maybe
maybe
false
maybe
maybe
maybe
maybe
false
maybe
maybe
maybe
maybe
maybe
false
maybe
maybe
maybe
maybe
maybe
maybe
maybe
maybe
maybe
maybe
maybe
maybe
maybe
maybe
maybe
maybe
maybe
maybe
maybe
maybe
maybe
maybe
maybe
maybe
maybe
maybe
maybe
false
maybe
maybe
maybe
maybe
maybe
false
maybe
maybe
maybe
maybe
maybe
maybe
maybe
maybe
maybe
maybe
false
maybe
maybe
maybe
maybe
maybe
maybe
maybe
maybe
maybe
false
maybe
maybe
maybe
maybe
maybe
maybe
maybe
maybe
maybe
maybe
maybe
maybe
maybe
maybe
maybe
maybe
maybe
maybe
maybe
maybe
maybe
maybe
maybe
false
maybe
maybe
maybe
maybe
maybe
maybe
maybe
maybe
maybe
maybe
maybe
maybe
maybe
maybe
maybe
maybe
maybe
maybe
maybe
maybe
maybe
maybe
maybe
maybe
maybe
maybe
maybe
maybe
maybe
maybe
maybe
maybe
maybe
maybe
maybe
maybe
maybe
maybe
maybe
maybe
false
maybe
maybe
maybe
maybe
false
maybe
maybe
maybe
false
maybe
false
maybe
maybe
false
false
maybe
maybe
maybe
maybe
maybe
maybe
maybe
maybe
maybe
maybe
maybe
false
maybe
maybe
maybe
maybe
maybe
maybe
maybe
maybe
maybe
maybe
maybe
maybe
maybe
maybe
maybe
maybe
maybe
maybe
maybe
maybe
maybe
maybe
maybe
maybe
maybe
maybe
maybe
maybe
maybe
maybe
maybe
maybe
maybe
maybe
maybe
maybe
maybe
maybe
false
maybe
false
maybe
maybe
maybe
maybe
maybe
maybe
maybe
maybe
maybe
maybe
maybe
maybe
maybe
maybe
maybe
maybe
maybe
maybe
maybe
false
maybe
maybe
maybe
maybe
maybe
maybe
maybe
maybe
maybe
maybe
maybe
maybe
maybe
maybe
maybe
maybe
maybe
maybe
false
maybe
maybe
maybe
maybe
maybe
maybe
maybe
maybe
maybe
maybe
maybe
maybe
maybe
maybe
maybe
maybe
maybe
maybe
maybe
maybe
maybe
maybe
maybe
maybe
maybe
maybe
maybe
maybe
maybe
maybe
maybe
maybe
maybe
maybe
maybe
maybe
false
maybe
false
maybe
maybe
false
maybe
maybe
maybe
maybe
maybe
maybe
false
maybe
maybe
maybe
false
maybe
maybe
maybe
maybe
maybe
maybe
maybe
maybe
maybe
maybe
maybe
false
maybe
maybe
maybe
maybe
maybe
maybe
maybe
maybe
maybe
maybe
maybe
maybe
maybe
maybe
maybe
false
maybe
maybe
maybe
maybe
maybe
maybe
maybe
maybe
maybe
maybe
maybe
maybe
maybe
maybe
false
maybe
maybe
maybe
false
maybe
maybe
maybe
maybe
maybe
maybe
maybe
false
false
maybe
maybe
false
maybe
maybe
maybe
maybe
maybe
maybe
maybe
maybe
maybe
maybe
maybe
maybe
maybe
maybe
maybe
maybe
maybe
maybe
maybe
maybe
maybe
false
maybe
maybe
maybe
false
maybe
maybe
maybe
maybe
maybe
maybe
false
maybe
maybe
maybe
maybe
maybe
maybe
maybe
maybe
maybe
maybe
maybe
maybe
maybe
maybe
maybe
maybe
maybe
maybe
maybe
maybe
maybe
maybe
maybe
maybe
maybe
maybe
maybe
maybe
false
maybe
maybe
maybe
maybe
maybe
maybe
maybe
maybe
maybe
maybe
false
maybe
maybe
maybe
maybe
maybe
maybe
maybe
maybe
maybe
maybe
maybe
maybe
false
maybe
maybe
maybe
maybe
false
maybe
maybe
maybe
maybe
maybe
maybe
false
maybe
maybe
false
maybe
maybe
maybe
maybe
maybe
false
maybe
maybe
maybe
maybe
maybe
maybe
maybe
maybe
maybe
maybe
maybe
maybe
maybe
maybe
maybe
maybe
false
maybe
maybe
maybe
maybe
maybe
maybe
false
maybe
maybe
maybe
maybe
maybe
maybe
maybe
maybe
maybe
false
maybe
maybe
maybe
maybe
maybe
maybe
maybe
maybe
maybe
maybe
maybe
false
maybe
maybe
maybe
maybe
maybe
maybe
false
false
maybe
maybe
maybe
maybe
maybe
maybe
maybe
maybe
maybe
maybe
maybe
maybe
maybe
maybe
maybe
maybe
maybe
false
maybe
maybe
maybe
maybe
maybe
maybe
maybe
maybe
false
maybe
maybe
maybe
maybe
maybe
maybe
maybe
maybe
maybe
maybe
maybe
maybe
maybe
maybe
maybe
maybe
maybe
maybe
false
maybe
maybe
maybe
maybe
false
false
maybe
maybe
maybe
maybe
maybe
maybe
maybe
maybe
maybe
maybe
maybe
maybe
maybe
maybe
maybe
maybe
maybe
maybe
maybe
maybe
maybe
maybe
maybe
maybe
maybe
maybe
maybe
maybe
false
maybe
maybe
maybe
false
maybe
maybe
maybe
maybe
maybe
maybe
maybe
maybe
maybe
maybe
maybe
maybe
maybe
maybe
maybe
maybe
false
maybe
maybe
maybe
maybe
maybe
maybe
maybe
maybe
maybe
maybe
maybe
maybe
maybe
maybe
maybe
maybe
maybe
false
maybe
maybe
false
maybe
false
maybe
maybe
maybe
maybe
maybe
maybe
maybe
maybe
maybe
maybe
false
maybe
maybe
maybe
maybe
maybe
false
maybe
maybe
maybe
maybe
maybe
false
maybe
maybe
maybe
maybe
maybe
maybe
maybe
maybe
maybe
maybe
maybe
maybe
maybe
maybe
maybe
maybe
false
maybe
maybe
maybe
maybe
maybe
maybe
maybe
false
maybe
maybe
maybe
maybe
maybe
maybe
maybe
maybe
maybe
maybe
maybe
maybe
maybe
maybe
maybe
maybe
maybe
maybe
maybe
maybe
maybe
false
maybe
maybe
maybe
maybe
maybe
maybe
maybe
maybe
maybe
maybe
maybe
maybe
false
maybe
maybe
maybe
maybe
maybe
maybe
maybe
maybe
maybe
false
maybe
maybe
maybe
maybe
maybe
maybe
maybe
maybe
false
maybe
false
maybe
maybe
maybe
maybe
maybe
maybe
maybe
maybe
maybe
maybe
maybe
maybe
maybe
maybe
maybe
maybe
maybe
maybe
maybe
maybe
maybe
maybe
maybe
maybe
false
false
maybe
maybe
maybe
maybe
maybe
false
maybe
maybe
maybe
maybe
maybe
maybe
maybe
false
maybe
maybe
maybe
maybe
maybe
false
maybe
maybe
maybe
maybe
maybe
maybe
maybe
maybe
maybe
maybe
maybe
maybe
maybe
maybe
maybe
maybe
maybe
maybe
maybe
maybe
maybe
maybe
maybe
maybe
maybe
maybe
maybe
maybe
maybe
maybe
maybe
false
maybe
maybe
maybe
false
maybe
maybe
false
maybe
maybe
maybe
maybe
maybe
false
maybe
maybe
maybe
maybe
maybe
maybe
maybe
maybe
maybe
false
maybe
maybe
maybe
maybe
maybe
false
maybe
false
maybe
false
maybe
maybe
maybe
maybe
maybe
maybe
maybe
maybe
maybe
false
maybe
maybe
maybe
maybe
maybe
maybe
maybe
maybe
maybe
maybe
maybe
maybe
maybe
maybe
maybe
maybe
maybe
maybe
maybe
maybe
maybe
maybe
maybe
false
maybe
maybe
maybe
maybe
false
maybe
maybe
false
maybe
maybe
maybe
maybe
maybe
false
maybe
maybe
false
maybe
maybe
false
false
maybe
maybe
false
maybe
maybe
maybe
maybe
maybe
maybe
maybe
maybe
maybe
maybe
maybe
maybe
maybe
false
maybe
maybe
maybe
maybe
maybe
false
maybe
maybe
maybe
maybe
false
maybe
maybe
maybe
maybe
maybe
maybe
maybe
maybe
maybe
maybe
maybe
maybe
maybe
maybe
maybe
maybe
maybe
maybe
maybe
false
maybe
false
maybe
false
false
maybe
maybe
maybe
false
maybe
maybe
maybe
false
maybe
maybe
false
maybe
maybe
maybe
false
maybe
maybe
maybe
maybe
maybe
maybe
false
maybe
maybe
maybe
maybe
maybe
maybe
maybe
maybe
maybe
maybe
maybe
maybe
maybe
maybe
maybe
maybe
maybe
maybe
maybe
maybe
maybe
maybe
maybe
maybe
maybe
maybe
false
maybe
maybe
maybe
maybe
maybe
maybe
maybe
maybe
maybe
maybe
maybe
maybe
maybe
maybe
false
maybe
maybe
maybe
maybe
maybe
maybe
maybe
false
maybe
maybe
false
maybe
maybe
false
maybe
maybe
maybe
maybe
maybe
maybe
maybe
maybe
false
maybe
maybe
maybe
maybe
false
maybe
maybe
maybe
maybe
false
false
maybe
maybe
maybe
maybe
maybe
maybe
maybe
maybe
maybe
maybe
maybe
maybe
maybe
maybe
maybe
maybe
maybe
maybe
maybe
maybe
maybe
maybe
maybe
false
false
maybe
maybe
maybe
maybe
maybe
maybe
maybe
false
maybe
maybe
maybe
maybe
maybe
maybe
maybe
maybe
maybe
maybe
maybe
maybe
maybe
maybe
maybe
maybe
maybe
maybe
maybe
maybe
maybe
maybe
false
maybe
maybe
maybe
maybe
maybe
maybe
maybe
maybe
maybe
false
maybe
maybe
maybe
maybe
maybe
maybe
maybe
maybe
maybe
maybe
maybe
maybe
maybe
maybe
maybe
false
maybe
maybe
maybe
false
maybe
maybe
maybe
maybe
maybe
maybe
maybe
maybe
maybe
false
maybe
maybe
maybe
maybe
maybe
maybe
maybe
maybe
maybe
maybe
false
false
maybe
maybe
maybe
maybe
maybe
maybe
maybe
maybe
maybe
false
maybe
false
maybe
maybe
maybe
maybe
maybe
maybe
maybe
maybe
maybe
maybe
maybe
maybe
maybe
maybe
maybe
maybe
maybe
maybe
maybe
maybe
maybe
maybe
maybe
maybe
maybe
maybe
maybe
maybe
maybe
maybe
maybe
maybe
maybe
false
false
maybe
maybe
maybe
maybe
maybe
maybe
maybe
maybe
maybe
maybe
maybe
maybe
maybe
maybe
false
maybe
maybe
false
maybe
false
maybe
maybe
maybe
maybe
false
maybe
maybe
maybe
maybe
maybe
maybe
maybe
maybe
false
maybe
maybe
maybe
maybe
maybe
maybe
false
maybe
maybe
maybe
maybe
maybe
maybe
maybe
maybe
maybe
false
maybe
maybe
false
maybe
maybe
maybe
maybe
maybe
maybe
maybe
maybe
false
maybe
false
maybe
maybe
maybe
maybe
maybe
maybe
maybe
maybe
maybe
maybe
maybe
maybe
false
maybe
maybe
maybe
maybe
maybe
maybe
maybe
maybe
maybe
maybe
maybe
maybe
maybe
maybe
maybe
maybe
maybe
maybe
maybe
maybe
maybe
maybe
maybe
maybe
false
maybe
maybe
maybe
maybe
maybe
maybe
maybe
maybe
maybe
maybe
false
false
maybe
maybe
maybe
maybe
false
maybe
maybe
maybe
maybe
maybe
maybe
maybe
maybe
maybe
maybe
maybe
maybe
maybe
maybe
maybe
maybe
maybe
maybe
maybe
maybe
maybe
maybe
maybe
maybe
maybe
maybe
maybe
maybe
false
maybe
maybe
maybe
maybe
maybe
maybe
maybe
maybe
maybe
maybe
maybe
maybe
maybe
maybe
false
maybe
false
false
maybe
maybe
maybe
maybe
maybe
maybe
maybe
false
maybe
false
maybe
maybe
maybe
maybe
maybe
maybe
maybe
maybe
maybe
maybe
maybe
maybe
maybe
maybe
maybe
maybe
maybe
maybe
maybe
maybe
maybe
maybe
maybe
maybe
maybe
maybe
maybe
false
maybe
maybe
maybe
false
maybe
false
maybe
maybe
maybe
false
maybe
maybe
maybe
maybe
maybe
maybe
maybe
maybe
maybe
maybe
maybe
maybe
maybe
maybe
maybe
maybe
maybe
maybe
maybe
maybe
maybe
maybe
maybe
maybe
maybe
maybe
false
maybe
maybe
maybe
maybe
false
maybe
maybe
maybe
maybe
maybe
maybe
maybe
maybe
false
maybe
maybe
maybe
maybe
maybe
maybe
maybe
maybe
maybe
false
maybe
maybe
maybe
false
maybe
maybe
maybe
false
maybe
maybe
false
maybe
maybe
maybe
maybe
maybe
maybe
maybe
maybe
maybe
maybe
false
maybe
false
maybe
maybe
maybe
maybe
false
maybe
false
false
maybe
maybe
maybe
maybe
maybe
maybe
maybe
maybe
maybe
maybe
maybe
false
maybe
maybe
maybe
maybe
maybe
maybe
maybe
maybe
maybe
maybe
false
false
maybe
maybe
maybe
maybe
maybe
maybe
maybe
maybe
maybe
maybe
maybe
maybe
maybe
maybe
maybe
maybe
maybe
false
false
maybe
maybe
maybe
maybe
maybe
maybe
maybe
false
maybe
false
maybe
maybe
maybe
maybe
maybe
maybe
maybe
maybe
maybe
maybe
maybe
maybe
maybe
maybe
maybe
maybe
maybe
maybe
maybe
maybe
false
maybe
maybe
maybe
maybe
maybe
maybe
maybe
maybe
maybe
maybe
false
maybe
maybe
maybe
maybe
maybe
maybe
maybe
maybe
maybe
maybe
maybe
maybe
maybe
maybe
maybe
maybe
maybe
maybe
maybe
maybe
maybe
maybe
maybe
maybe
maybe
maybe
maybe
maybe
maybe
maybe
maybe
maybe
maybe
false
maybe
maybe
maybe
maybe
maybe
maybe
maybe
maybe
maybe
maybe
false
maybe
maybe
maybe
maybe
maybe
maybe
maybe
maybe
maybe
maybe
maybe
maybe
maybe
maybe
maybe
false
maybe
maybe
maybe
maybe
maybe
maybe
maybe
maybe
maybe
maybe
maybe
maybe
maybe
maybe
maybe
maybe
maybe
maybe
maybe
maybe
maybe
maybe
maybe
maybe
maybe
maybe
maybe
false
maybe
maybe
maybe
maybe
maybe
maybe
maybe
maybe
maybe
maybe
maybe
maybe
false
maybe
maybe
maybe
maybe
maybe
maybe
maybe
maybe
maybe
maybe
maybe
maybe
maybe
maybe
maybe
maybe
maybe
maybe
maybe
maybe
maybe
maybe
maybe
maybe
maybe
maybe
maybe
maybe
false
maybe
maybe
maybe
maybe
maybe
maybe
maybe
maybe
maybe
maybe
maybe
maybe
maybe
maybe
maybe
maybe
maybe
false
maybe
maybe
maybe
maybe
maybe
maybe
false
maybe
maybe
maybe
maybe
maybe
maybe
maybe
maybe
maybe
maybe
maybe
maybe
maybe
maybe
maybe
maybe
false
maybe
maybe
maybe
maybe
maybe
maybe
maybe
maybe
maybe
false
maybe
maybe
maybe
maybe
maybe
maybe
maybe
maybe
maybe
maybe
maybe
maybe
maybe
maybe
maybe
maybe
maybe
maybe
maybe
maybe
maybe
maybe
maybe
maybe
maybe
maybe
maybe
maybe
maybe
maybe
maybe
maybe
false
maybe
maybe
maybe
maybe
maybe
maybe
maybe
maybe
maybe
maybe
maybe
maybe
maybe
maybe
maybe
maybe
maybe
maybe
maybe
maybe
maybe
false
maybe
maybe
maybe
maybe
maybe
maybe
maybe
maybe
maybe
maybe
maybe
maybe
maybe
maybe
maybe
maybe
maybe
maybe
maybe
maybe
maybe
maybe
maybe
maybe
maybe
false
maybe
maybe
maybe
maybe
maybe
maybe
maybe
maybe
maybe
maybe
maybe
maybe
maybe
maybe
false
maybe
maybe
maybe
maybe
maybe
maybe
maybe
maybe
maybe
maybe
maybe
maybe
false
maybe
maybe
maybe
maybe
maybe
maybe
maybe
maybe
maybe
maybe
maybe
maybe
maybe
maybe
false
maybe
maybe
maybe
maybe
false
maybe
maybe
maybe
false
maybe
maybe
maybe
false
maybe
maybe
maybe
maybe
maybe
maybe
maybe
maybe
maybe
false
maybe
maybe
false
maybe
maybe
maybe
maybe
maybe
maybe
maybe
maybe
maybe
maybe
maybe
maybe
maybe
maybe
maybe
maybe
maybe
maybe
maybe
maybe
maybe
false
maybe
maybe
maybe
maybe
maybe
maybe
maybe
maybe
maybe
maybe
maybe
maybe
maybe
maybe
maybe
maybe
maybe
maybe
maybe
maybe
maybe
maybe
false
maybe
maybe
maybe
maybe
maybe
false
maybe
maybe
maybe
maybe
maybe
maybe
maybe
maybe
maybe
maybe
maybe
maybe
maybe
maybe
maybe
maybe
maybe
false
maybe
maybe
false
maybe
maybe
maybe
maybe
maybe
maybe
maybe
maybe
maybe
maybe
maybe
maybe
maybe
maybe
maybe
maybe
maybe
maybe
maybe
maybe
maybe
maybe
maybe
maybe
maybe
maybe
maybe
maybe
false
maybe
maybe
maybe
maybe
maybe
maybe
false
maybe
maybe
maybe
maybe
maybe
maybe
maybe
maybe
maybe
maybe
maybe
maybe
false
maybe
maybe
maybe
maybe
maybe
maybe
maybe
maybe
maybe
false
maybe
maybe
maybe
maybe
maybe
maybe
maybe
maybe
false
maybe
maybe
false
maybe
maybe
maybe
maybe
maybe
maybe
maybe
maybe
false
maybe
maybe
maybe
maybe
maybe
maybe
maybe
maybe
maybe
maybe
maybe
maybe
maybe
maybe
maybe
maybe
maybe
maybe
maybe
maybe
maybe
maybe
maybe
maybe
maybe
maybe
maybe
maybe
maybe
maybe
maybe
maybe
maybe
maybe
maybe
maybe
maybe
maybe
false
maybe
false
maybe
maybe
maybe
maybe
maybe
false
maybe
maybe
maybe
maybe
maybe
maybe
maybe
maybe
maybe
maybe
maybe
false
maybe
maybe
maybe
maybe
maybe
false
maybe
maybe
false
maybe
maybe
maybe
maybe
maybe
false
maybe
maybe
maybe
maybe
maybe
maybe
maybe
false
false
maybe
maybe
maybe
maybe
maybe
maybe
maybe
false
maybe
maybe
maybe
maybe
false
maybe
maybe
maybe
maybe
maybe
maybe
maybe
maybe
maybe
maybe
maybe
maybe
maybe
maybe
maybe
maybe
maybe
maybe
maybe
maybe
maybe
maybe
maybe
maybe
maybe
maybe
maybe
maybe
false
maybe
maybe
maybe
maybe
maybe
false
maybe
maybe
maybe
maybe
false
maybe
maybe
maybe
false
maybe
maybe
maybe
maybe
maybe
maybe
maybe
maybe
maybe
false
maybe
maybe
maybe
maybe
maybe
maybe
maybe
maybe
maybe
maybe
maybe
maybe
maybe
maybe
maybe
maybe
maybe
maybe
maybe
false
maybe
maybe
maybe
maybe
maybe
maybe
maybe
maybe
maybe
false
maybe
false
maybe
maybe
maybe
maybe
maybe
maybe
maybe
maybe
maybe
maybe
maybe
maybe
maybe
maybe
maybe
maybe
maybe
maybe
maybe
maybe
false
maybe
maybe
maybe
maybe
maybe
maybe
maybe
maybe
maybe
maybe
maybe
maybe
maybe
maybe
maybe
maybe
maybe
maybe
maybe
false
maybe
maybe
maybe
maybe
maybe
maybe
maybe
maybe
maybe
false
maybe
maybe
maybe
false
maybe
maybe
maybe
false
maybe
maybe
maybe
maybe
maybe
maybe
maybe
maybe
maybe
maybe
maybe
maybe
maybe
maybe
maybe
maybe
maybe
maybe
maybe
maybe
maybe
maybe
maybe
maybe
false
maybe
false
maybe
false
maybe
maybe
maybe
maybe
maybe
maybe
maybe
maybe
maybe
false
maybe
maybe
maybe
maybe
maybe
maybe
maybe
maybe
false
maybe
maybe
maybe
maybe
false
false
maybe
maybe
maybe
maybe
maybe
maybe
false
false
maybe
false
false
maybe
false
maybe
maybe
maybe
false
maybe
maybe
maybe
maybe
maybe
maybe
false
maybe
maybe
maybe
false
maybe
maybe
false
maybe
maybe
false
maybe
false
maybe
maybe
maybe
maybe
maybe
maybe
maybe
maybe
maybe
maybe
maybe
maybe
maybe
false
maybe
maybe
maybe
maybe
false
maybe
maybe
maybe
maybe
maybe
maybe
maybe
maybe
false
maybe
maybe
maybe
maybe
maybe
maybe
maybe
maybe
maybe
maybe
maybe
maybe
maybe
maybe
maybe
false
maybe
maybe
maybe
maybe
maybe
maybe
maybe
false
maybe
maybe
false
maybe
maybe
maybe
maybe
maybe
maybe
maybe
maybe
maybe
maybe
maybe
maybe
maybe
maybe
maybe
maybe
maybe
maybe
maybe
maybe
maybe
maybe
maybe
maybe
maybe
maybe
maybe
maybe
maybe
false
false
false
maybe
maybe
maybe
maybe
maybe
maybe
maybe
maybe
maybe
maybe
false
maybe
false
maybe
maybe
maybe
maybe
maybe
maybe
false
maybe
maybe
maybe
maybe
maybe
maybe
maybe
maybe
maybe
maybe
false
maybe
maybe
maybe
maybe
maybe
maybe
maybe
maybe
maybe
maybe
maybe
maybe
maybe
maybe
maybe
maybe
maybe
maybe
maybe
maybe
maybe
maybe
maybe
maybe
maybe
maybe
maybe
maybe
maybe
maybe
false
false
maybe
maybe
maybe
maybe
maybe
maybe
maybe
maybe
maybe
maybe
maybe
maybe
maybe
maybe
maybe
maybe
maybe
maybe
false
maybe
maybe
maybe
maybe
maybe
maybe
maybe
false
false
maybe
maybe
maybe
maybe
maybe
maybe
maybe
false
maybe
maybe
false
maybe
maybe
maybe
maybe
maybe
maybe
maybe
maybe
maybe
maybe
maybe
maybe
maybe
maybe
maybe
maybe
maybe
maybe
false
maybe
maybe
maybe
maybe
maybe
maybe
maybe
maybe
maybe
maybe
maybe
maybe
maybe
maybe
maybe
maybe
maybe
maybe
maybe
maybe
maybe
maybe
false
maybe
maybe
maybe
maybe
maybe
maybe
maybe
maybe
maybe
maybe
maybe
maybe
maybe
maybe
maybe
maybe
maybe
maybe
maybe
maybe
maybe
maybe
maybe
maybe
maybe
maybe
maybe
maybe
false
maybe
maybe
maybe
maybe
maybe
maybe
maybe
maybe
maybe
maybe
maybe
maybe
maybe
maybe
false
maybe
maybe
false
maybe
maybe
maybe
maybe
maybe
maybe
false
maybe
maybe
maybe
maybe
false
maybe
maybe
maybe
maybe
maybe
maybe
maybe
maybe
maybe
maybe
maybe
false
maybe
maybe
maybe
maybe
false
false
maybe
maybe
maybe
maybe
maybe
maybe
maybe
maybe
maybe
maybe
maybe
maybe
maybe
false
maybe
maybe
maybe
maybe
maybe
maybe
false
maybe
maybe
maybe
maybe
maybe
maybe
maybe
maybe
maybe
maybe
maybe
maybe
maybe
maybe
maybe
maybe
maybe
maybe
false
maybe
maybe
maybe
maybe
false
maybe
maybe
maybe
maybe
maybe
maybe
maybe
maybe
maybe
maybe
maybe
maybe
maybe
maybe
maybe
false
maybe
maybe
maybe
maybe
maybe
false
maybe
maybe
maybe
maybe
maybe
maybe
maybe
maybe
maybe
maybe
maybe
maybe
maybe
maybe
maybe
maybe
maybe
maybe
maybe
maybe
false
maybe
false
maybe
maybe
maybe
maybe
maybe
maybe
maybe
maybe
maybe
maybe
maybe
maybe
maybe
false
maybe
maybe
maybe
maybe
maybe
maybe
maybe
maybe
maybe
maybe
false
maybe
maybe
maybe
maybe
maybe
maybe
maybe
maybe
maybe
maybe
false
maybe
maybe
false
maybe
maybe
maybe
maybe
maybe
maybe
maybe
maybe
maybe
maybe
false
maybe
maybe
maybe
maybe
maybe
maybe
maybe
false
maybe
maybe
maybe
maybe
maybe
false
maybe
maybe
maybe
maybe
maybe
maybe
maybe
maybe
maybe
false
maybe
maybe
maybe
maybe
false
maybe
maybe
maybe
maybe
maybe
maybe
maybe
maybe
maybe
maybe
maybe
maybe
maybe
maybe
maybe
maybe
maybe
maybe
maybe
false
maybe
maybe
maybe
maybe
maybe
maybe
maybe
maybe
maybe
maybe
maybe
maybe
maybe
maybe
maybe
maybe
false
false
maybe
maybe
false
maybe
maybe
maybe
maybe
maybe
maybe
maybe
maybe
maybe
maybe
maybe
maybe
maybe
maybe
maybe
maybe
maybe
maybe
maybe
maybe
maybe
maybe
maybe
false
maybe
maybe
maybe
maybe
maybe
maybe
maybe
maybe
maybe
maybe
maybe
maybe
false
maybe
maybe
maybe
maybe
false
maybe
false
maybe
maybe
maybe
maybe
maybe
maybe
maybe
maybe
false
maybe
maybe
maybe
false
maybe
maybe
maybe
maybe
maybe
maybe
maybe
maybe
false
maybe
maybe
maybe
false
maybe
maybe
maybe
maybe
maybe
false
maybe
maybe
false
maybe
maybe
maybe
maybe
false
maybe
maybe
maybe
maybe
maybe
maybe
maybe
maybe
maybe
maybe
maybe
maybe
maybe
maybe
maybe
maybe
maybe
maybe
maybe
maybe
maybe
maybe
maybe
maybe
maybe
maybe
maybe
maybe
maybe
maybe
maybe
maybe
maybe
maybe
maybe
maybe
maybe
maybe
maybe
maybe
maybe
maybe
maybe
maybe
maybe
maybe
maybe
maybe
maybe
maybe
maybe
maybe
maybe
maybe
maybe
maybe
maybe
maybe
false
maybe
maybe
maybe
maybe
maybe
maybe
maybe
false
maybe
false
maybe
false
false
maybe
maybe
maybe
maybe
false
maybe
maybe
maybe
maybe
maybe
maybe
maybe
maybe
maybe
maybe
maybe
maybe
maybe
false
maybe
maybe
maybe
maybe
maybe
false
maybe
maybe
maybe
maybe
maybe
maybe
maybe
maybe
maybe
maybe
false
maybe
maybe
maybe
maybe
maybe
maybe
maybe
maybe
maybe
maybe
maybe
maybe
maybe
maybe
maybe
maybe
maybe
maybe
maybe
maybe
maybe
false
maybe
maybe
maybe
maybe
maybe
maybe
maybe
maybe
maybe
maybe
false
maybe
maybe
maybe
maybe
maybe
maybe
maybe
maybe
maybe
maybe
false
maybe
maybe
maybe
maybe
maybe
false
false
maybe
maybe
maybe
maybe
maybe
false
maybe
maybe
maybe
maybe
maybe
maybe
maybe
maybe
maybe
maybe
maybe
maybe
maybe
maybe
maybe
maybe
maybe
maybe
maybe
maybe
maybe
maybe
maybe
maybe
maybe
false
maybe
maybe
maybe
maybe
false
maybe
maybe
maybe
maybe
maybe
maybe
maybe
maybe
maybe
maybe
maybe
false
false
maybe
maybe
false
maybe
maybe
maybe
maybe
maybe
maybe
maybe
maybe
maybe
maybe
maybe
maybe
maybe
maybe
maybe
maybe
maybe
maybe
maybe
maybe
maybe
maybe
maybe
maybe
maybe
maybe
maybe
maybe
maybe
maybe
maybe
maybe
false
maybe
maybe
maybe
maybe
maybe
false
maybe
maybe
maybe
maybe
maybe
maybe
maybe
false
maybe
maybe
maybe
maybe
maybe
maybe
maybe
maybe
maybe
maybe
maybe
maybe
false
maybe
maybe
maybe
maybe
maybe
maybe
maybe
maybe
maybe
maybe
maybe
maybe
maybe
maybe
maybe
maybe
maybe
maybe
maybe
maybe
maybe
maybe
maybe
maybe
maybe
maybe
maybe
maybe
maybe
false
maybe
maybe
maybe
maybe
maybe
maybe
false
maybe
maybe
maybe
false
false
maybe
maybe
false
false
false
maybe
maybe
maybe
maybe
maybe
maybe
maybe
maybe
maybe
maybe
maybe
maybe
maybe
maybe
maybe
maybe
maybe
maybe
maybe
maybe
maybe
maybe
false
maybe
maybe
maybe
maybe
maybe
maybe
maybe
maybe
maybe
maybe
maybe
maybe
maybe
maybe
maybe
maybe
maybe
maybe
maybe
maybe
maybe
maybe
maybe
maybe
maybe
maybe
maybe
maybe
maybe
maybe
maybe
maybe
maybe
maybe
maybe
maybe
maybe
maybe
maybe
maybe
maybe
maybe
maybe
maybe
maybe
maybe
maybe
maybe
maybe
maybe
maybe
false
false
false
maybe
maybe
maybe
maybe
maybe
maybe
maybe
maybe
maybe
maybe
maybe
maybe
maybe
maybe
maybe
maybe
maybe
maybe
maybe
maybe
maybe
maybe
maybe
maybe
maybe
maybe
maybe
maybe
maybe
maybe
maybe
maybe
maybe
maybe
maybe
maybe
maybe
maybe
maybe
maybe
maybe
maybe
maybe
false
maybe
maybe
false
maybe
maybe
maybe
maybe
maybe
false
maybe
maybe
maybe
maybe
maybe
maybe
maybe
maybe
maybe
false
maybe
maybe
maybe
maybe
maybe
maybe
maybe
maybe
maybe
maybe
false
maybe
maybe
maybe
maybe
maybe
maybe
maybe
maybe
maybe
maybe
maybe
false
false
maybe
maybe
maybe
maybe
maybe
maybe
false
maybe
false
maybe
maybe
maybe
maybe
maybe
maybe
maybe
maybe
maybe
maybe
maybe
maybe
maybe
maybe
maybe
maybe
maybe
maybe
maybe
maybe
maybe
maybe
maybe
maybe
maybe
maybe
maybe
maybe
maybe
maybe
false
maybe
maybe
maybe
maybe
maybe
maybe
maybe
false
false
false
maybe
maybe
maybe
maybe
maybe
maybe
maybe
maybe
maybe
maybe
maybe
maybe
maybe
maybe
maybe
maybe
maybe
maybe
maybe
maybe
false
maybe
maybe
